===================================================================================================== test session starts ======================================================================================================
platform linux -- Python 3.10.18, pytest-7.4.0, pluggy-1.6.0 -- /opt/conda/bin/python3
cachedir: .pytest_cache
rootdir: /home/jupyter/mlops-w4-iitm-bs
plugins: anyio-4.11.0, typeguard-4.4.4, hydra-core-1.3.2
collecting ... collected 6 items / 1 error

============================================================================================================ ERRORS ============================================================================================================
_______________________________________________________________________________________ ERROR collecting tests/test_model_evaluation.py ________________________________________________________________________________________
/opt/conda/lib/python3.10/site-packages/_pytest/python.py:617: in _importtestmodule
    mod = import_path(self.path, mode=importmode, root=self.config.rootpath)
/opt/conda/lib/python3.10/site-packages/_pytest/pathlib.py:565: in import_path
    importlib.import_module(module_name)
/opt/conda/lib/python3.10/importlib/__init__.py:126: in import_module
    return _bootstrap._gcd_import(name[level:], package, level)
<frozen importlib._bootstrap>:1050: in _gcd_import
    ???
<frozen importlib._bootstrap>:1027: in _find_and_load
    ???
<frozen importlib._bootstrap>:1006: in _find_and_load_unlocked
    ???
<frozen importlib._bootstrap>:688: in _load_unlocked
    ???
/opt/conda/lib/python3.10/site-packages/_pytest/assertion/rewrite.py:169: in exec_module
    source_stat, co = _rewrite_test(fn, self.config)
/opt/conda/lib/python3.10/site-packages/_pytest/assertion/rewrite.py:351: in _rewrite_test
    tree = ast.parse(source, filename=strfn)
/opt/conda/lib/python3.10/ast.py:50: in parse
    return compile(source, filename, mode, flags,
E     File "/home/jupyter/mlops-w4-iitm-bs/tests/test_model_evaluation.py", line 60
E       assert test_accuracy >= 0.85, f"Model accuracy {test_accuracy:.4f} below threshold 0.
E                                     ^
E   SyntaxError: unterminated string literal (detected at line 60)
=================================================================================================== short test summary info ====================================================================================================
ERROR tests/test_model_evaluation.py
!!!!!!!!!!!!!!!!!!!!!!!!!!!!!!!!!!!!!!!!!!!!!!!!!!!!!!!!!!!!!!!!!!!!!!!!!!!!!!!!!!!!!!!!!!!! Interrupted: 1 error during collection !!!!!!!!!!!!!!!!!!!!!!!!!!!!!!!!!!!!!!!!!!!!!!!!!!!!!!!!!!!!!!!!!!!!!!!!!!!!!!!!!!!!!!!!!!!!
======================================================================================================= 1 error in 1.28s =======================================================================================================
